// Jest Snapshot v1, https://goo.gl/fbAQLP

exports[`CourseCard rendering snapshot matching 1`] = `
<div
  className="course-card course-card__undefined animate-card-in option"
  onMouseEnter={[Function]}
  onMouseLeave={[Function]}
>
  <h2
    className="course-card__title"
  />
  <h4
    className="course-card__more-info"
  >
    Starting 
    !!!!
  </h4>
  <p
    className="course-card__more-info"
  >
    Some more info about this awesome course you are considering!: 
  </p>
  <p
    className="course-card__action"
  >
    <a
      className="course-card__btn"
    >
      Sign it
    </a>
  </p>
  <p
    className="course-card__action"
  >
    <a
      className="course-card__btn"
    >
      Lessons
    </a>
  </p>
</div>
`;

exports[`Profile rendering snapshot matching 1`] = `
<div
  className="profile"
>
  <h1>
    Personal Account
  </h1>
  <h2
    className="profile__error--server"
    hidden={true}
    id="profileError"
  >
    Wrong!
  </h2>
  <form
    className="profile__form"
    encType="multipart/form-data"
    name="loginForm"
    onSubmit={[Function]}
  >
    <div
      className="profile__flexible"
    >
      <div>
        <div
          className="profile__item"
        >
          <label
            htmlFor="name"
          >
            Name: 
          </label>
          <input
            className="profile__item"
            name="name"
            onChange={[Function]}
            placeholder="name"
            type="text"
            value=""
          />
        </div>
        <h4
          className="profile__error"
          hidden={true}
          id="nameError"
        />
        <div
          className="profile__item"
        >
          <label
            htmlFor="surname"
          >
            Surname: 
          </label>
          <input
            className="profile__item"
            name="surname"
            onChange={[Function]}
            placeholder="surname"
            type="text"
            value=""
          />
        </div>
        <h4
          className="profile__error"
          hidden={true}
          id="surnameError"
        />
        <div
          className="profile__item"
        >
          <label
            htmlFor="country"
          >
            Country: 
          </label>
          <input
            className="profile__item"
            name="country"
            onChange={[Function]}
            placeholder="country"
            type="text"
            value=""
          />
        </div>
        <h4
          className="profile__error"
          hidden={true}
          id="countryError"
        />
        <div
          className="profile__item"
        >
          <label
            htmlFor="city"
          >
            City: 
          </label>
          <input
            className="profile__item"
            name="city"
            onChange={[Function]}
            placeholder="city"
            type="text"
            value=""
          />
        </div>
        <h4
          className="profile__error"
          hidden={true}
          id="cityError"
        />
        <div
          className="profile__item"
        >
          <label
            htmlFor="phone"
          >
            Phone: 
          </label>
          <input
            className="profile__item"
            name="phone"
            onChange={[Function]}
            placeholder="phone"
            type="text"
            value=""
          />
        </div>
        <h4
          className="profile__error"
          hidden={true}
          id="phoneError"
        />
        <div
          className="profile__item"
        >
          <label
            htmlFor="company"
          >
            Company: 
          </label>
          <input
            className="profile__item"
            name="company"
            onChange={[Function]}
            placeholder="company"
            type="text"
            value=""
          />
        </div>
        <h4
          className="profile__error"
          hidden={true}
          id="companyError"
        />
        <div
          className="profile__item"
        >
          <label
            htmlFor="position"
          >
            Position: 
          </label>
          <input
            className="profile__item"
            name="position"
            onChange={[Function]}
            placeholder="position"
            type="text"
            value=""
          />
        </div>
        <h4
          className="profile__error"
          hidden={true}
          id="positionError"
        />
      </div>
      <div
        className="profile__blocked"
      >
        <label
          htmlFor="birth_date"
        >
          Date of Birth: 
        </label>
        <div
          className="react-datepicker-wrapper"
        >
          <div
            className="react-datepicker__input-container"
          >
            <input
              className="profile__date--input"
              disabled={false}
              name="birth_date"
              onBlur={[Function]}
              onChange={[Function]}
              onClick={[Function]}
              onFocus={[Function]}
              onKeyDown={[Function]}
              placeholder="select..."
              readOnly={false}
              value=""
            />
          </div>
        </div>
        <label>
          Set avatar: 
        </label>
        <input
          id="user_avatar"
          name="user_avatar"
          type="file"
        />
        <label
          className="avatar"
          htmlFor="user_avatar"
        >
          choose... 
        </label>
        
      </div>
    </div>
    <button
      className="btnAction"
      id="btnProfile"
      type="submit"
    >
      Confirm
    </button>
  </form>
</div>
`;

exports[`SignCourseForm rendering snapshot matching 1`] = `
<div
  className="modal__show"
  id="myModal"
>
  <div
    className="modal__content"
  >
    <div
      className="modal__header"
    >
      <span
        className="modal__close"
        id="close"
        onClick={[Function]}
      >
        Ã—
      </span>
      <h2
        className="modal__title"
      >
        Signing on some course
      </h2>
    </div>
    <div
      className="modal__body"
    >
      <p
        className="modal__body"
      >
        Give me all your money!! =)
      </p>
      <p
        className="modal__body"
      >
        Some other text...
      </p>
    </div>
    <div
      className="modal__footer"
    >
      <h3
        className="modal__title"
      >
        Very good choice
      </h3>
    </div>
  </div>
</div>
`;
